// Jest Snapshot v1, https://goo.gl/fbAQLP

exports[`should render Slicenav correctly 1`] = `
.emotion-3 {
  -webkit-box-pack: justify;
  -webkit-justify-content: space-between;
  justify-content: space-between;
  display: -webkit-box;
  display: -webkit-flex;
  display: -ms-flexbox;
  display: flex;
  width: 100%;
  height: 100%;
}

.emotion-0 {
  -webkit-transition: 0.35s;
  transition: 0.35s;
  display: -webkit-box;
  display: -webkit-flex;
  display: -ms-flexbox;
  display: flex;
  width: 28.333333333333336px;
  height: 2px;
  background-color: green;
  border-radius: 8px;
}

<div
  className="emotion-3"
  height="100%"
  width="100%"
>
  <div
    className="emotion-0"
    height="2px"
    width={28.333333333333336}
  />
  <div
    className="emotion-0"
    height="2px"
    width={28.333333333333336}
  />
  <div
    className="emotion-0"
    height="2px"
    width={28.333333333333336}
  />
</div>
`;
